// Jest Snapshot v1, https://goo.gl/fbAQLP

exports[`parseMultilog 1`] = `
Array [
  Object {
    "deviceCode": "Ò",
    "deviceId": 1234,
    "epoch": 1534586814000,
    "eventId": 0,
    "eventValue": 0,
    "id": 65536,
    "parameters": Object {
      "A": Object {
        "description": "",
        "factor": 100,
        "label": "A",
        "name": "cpuTemperature",
        "realValue": 0.7,
        "unit": "°C",
        "value": 70,
        "writable": false,
      },
      "B": Object {
        "description": "Free memory in percent",
        "factor": 1,
        "label": "B",
        "name": "memFree",
        "realValue": 14,
        "unit": "%",
        "value": 14,
        "writable": false,
      },
      "C": Object {
        "description": "Free swap in percent",
        "factor": 1,
        "label": "C",
        "name": "swapFree",
        "realValue": 56,
        "unit": "%",
        "value": 56,
        "writable": false,
      },
      "D": Object {
        "description": "File system read in kb",
        "factor": 1,
        "label": "D",
        "name": "fsRead",
        "realValue": 0,
        "unit": "kb",
        "value": 0,
        "writable": false,
      },
      "E": Object {
        "description": "File system read in kb",
        "factor": 1,
        "label": "E",
        "name": "fsWrite",
        "realValue": 0,
        "unit": "kb",
        "value": 0,
        "writable": false,
      },
      "F": Object {
        "description": "File system read in kb",
        "factor": 1,
        "label": "F",
        "name": "networkRead",
        "realValue": 0,
        "unit": "kb",
        "value": 0,
        "writable": false,
      },
      "G": Object {
        "description": "File system read in kb",
        "factor": 1,
        "label": "G",
        "name": "networkWrite",
        "realValue": 0,
        "unit": "kb",
        "value": 0,
        "writable": false,
      },
      "H": Object {
        "description": "Total load",
        "factor": 1,
        "label": "H",
        "name": "load",
        "realValue": 19,
        "unit": "%",
        "value": 19,
        "writable": false,
      },
      "I": Object {
        "description": "Load from user",
        "factor": 1,
        "label": "I",
        "name": "loadUser",
        "realValue": 12,
        "unit": "%",
        "value": 12,
        "writable": false,
      },
      "J": Object {
        "description": "Load from system",
        "factor": 1,
        "label": "J",
        "name": "loadSystem",
        "realValue": 6,
        "unit": "%",
        "value": 6,
        "writable": false,
      },
      "K": Object {
        "description": "Load for Nice",
        "factor": 1,
        "label": "K",
        "name": "loadNice",
        "realValue": 0,
        "unit": "%",
        "value": 0,
        "writable": false,
      },
      "L": Object {
        "description": "Idle percent of time",
        "factor": 1,
        "label": "L",
        "name": "loadIdle",
        "realValue": 81,
        "unit": "%",
        "value": 81,
        "writable": false,
      },
      "M": Object {
        "description": "Load due to IRQ",
        "factor": 1,
        "label": "M",
        "name": "loadIrq",
        "realValue": 1,
        "unit": "%",
        "value": 1,
        "writable": false,
      },
      "N": Object {
        "description": "Minimal percent spaced used in a filesystem",
        "factor": 1,
        "label": "N",
        "name": "fsMinUsed",
        "realValue": 17,
        "unit": "%",
        "value": 17,
        "writable": false,
      },
      "O": Object {
        "description": "Maximal percent spaced used in a filesystem",
        "factor": 1,
        "label": "O",
        "name": "fsMaxUsed",
        "realValue": 64,
        "unit": "%",
        "value": 64,
        "writable": false,
      },
    },
  },
  Object {
    "deviceCode": "Ò",
    "deviceId": 1234,
    "epoch": 1534586817000,
    "eventId": 0,
    "eventValue": 0,
    "id": 65537,
    "parameters": Object {
      "A": Object {
        "description": "",
        "factor": 100,
        "label": "A",
        "name": "cpuTemperature",
        "realValue": 0.7,
        "unit": "°C",
        "value": 70,
        "writable": false,
      },
      "B": Object {
        "description": "Free memory in percent",
        "factor": 1,
        "label": "B",
        "name": "memFree",
        "realValue": 14,
        "unit": "%",
        "value": 14,
        "writable": false,
      },
      "C": Object {
        "description": "Free swap in percent",
        "factor": 1,
        "label": "C",
        "name": "swapFree",
        "realValue": 56,
        "unit": "%",
        "value": 56,
        "writable": false,
      },
      "D": Object {
        "description": "File system read in kb",
        "factor": 1,
        "label": "D",
        "name": "fsRead",
        "realValue": 0,
        "unit": "kb",
        "value": 0,
        "writable": false,
      },
      "E": Object {
        "description": "File system read in kb",
        "factor": 1,
        "label": "E",
        "name": "fsWrite",
        "realValue": 0,
        "unit": "kb",
        "value": 0,
        "writable": false,
      },
      "F": Object {
        "description": "File system read in kb",
        "factor": 1,
        "label": "F",
        "name": "networkRead",
        "realValue": 0,
        "unit": "kb",
        "value": 0,
        "writable": false,
      },
      "G": Object {
        "description": "File system read in kb",
        "factor": 1,
        "label": "G",
        "name": "networkWrite",
        "realValue": 0,
        "unit": "kb",
        "value": 0,
        "writable": false,
      },
      "H": Object {
        "description": "Total load",
        "factor": 1,
        "label": "H",
        "name": "load",
        "realValue": 68,
        "unit": "%",
        "value": 68,
        "writable": false,
      },
      "I": Object {
        "description": "Load from user",
        "factor": 1,
        "label": "I",
        "name": "loadUser",
        "realValue": 50,
        "unit": "%",
        "value": 50,
        "writable": false,
      },
      "J": Object {
        "description": "Load from system",
        "factor": 1,
        "label": "J",
        "name": "loadSystem",
        "realValue": 16,
        "unit": "%",
        "value": 16,
        "writable": false,
      },
      "K": Object {
        "description": "Load for Nice",
        "factor": 1,
        "label": "K",
        "name": "loadNice",
        "realValue": 0,
        "unit": "%",
        "value": 0,
        "writable": false,
      },
      "L": Object {
        "description": "Idle percent of time",
        "factor": 1,
        "label": "L",
        "name": "loadIdle",
        "realValue": 32,
        "unit": "%",
        "value": 32,
        "writable": false,
      },
      "M": Object {
        "description": "Load due to IRQ",
        "factor": 1,
        "label": "M",
        "name": "loadIrq",
        "realValue": 2,
        "unit": "%",
        "value": 2,
        "writable": false,
      },
      "N": Object {
        "description": "Minimal percent spaced used in a filesystem",
        "factor": 1,
        "label": "N",
        "name": "fsMinUsed",
        "realValue": 17,
        "unit": "%",
        "value": 17,
        "writable": false,
      },
      "O": Object {
        "description": "Maximal percent spaced used in a filesystem",
        "factor": 1,
        "label": "O",
        "name": "fsMaxUsed",
        "realValue": 64,
        "unit": "%",
        "value": 64,
        "writable": false,
      },
    },
  },
  Object {
    "deviceCode": "Ò",
    "deviceId": 1234,
    "epoch": 1534586820000,
    "eventId": 0,
    "eventValue": 0,
    "id": 65538,
    "parameters": Object {
      "A": Object {
        "description": "",
        "factor": 100,
        "label": "A",
        "name": "cpuTemperature",
        "realValue": 0.71,
        "unit": "°C",
        "value": 71,
        "writable": false,
      },
      "B": Object {
        "description": "Free memory in percent",
        "factor": 1,
        "label": "B",
        "name": "memFree",
        "realValue": 14,
        "unit": "%",
        "value": 14,
        "writable": false,
      },
      "C": Object {
        "description": "Free swap in percent",
        "factor": 1,
        "label": "C",
        "name": "swapFree",
        "realValue": 56,
        "unit": "%",
        "value": 56,
        "writable": false,
      },
      "D": Object {
        "description": "File system read in kb",
        "factor": 1,
        "label": "D",
        "name": "fsRead",
        "realValue": 0,
        "unit": "kb",
        "value": 0,
        "writable": false,
      },
      "E": Object {
        "description": "File system read in kb",
        "factor": 1,
        "label": "E",
        "name": "fsWrite",
        "realValue": 0,
        "unit": "kb",
        "value": 0,
        "writable": false,
      },
      "F": Object {
        "description": "File system read in kb",
        "factor": 1,
        "label": "F",
        "name": "networkRead",
        "realValue": 2,
        "unit": "kb",
        "value": 2,
        "writable": false,
      },
      "G": Object {
        "description": "File system read in kb",
        "factor": 1,
        "label": "G",
        "name": "networkWrite",
        "realValue": 2,
        "unit": "kb",
        "value": 2,
        "writable": false,
      },
      "H": Object {
        "description": "Total load",
        "factor": 1,
        "label": "H",
        "name": "load",
        "realValue": 47,
        "unit": "%",
        "value": 47,
        "writable": false,
      },
      "I": Object {
        "description": "Load from user",
        "factor": 1,
        "label": "I",
        "name": "loadUser",
        "realValue": 36,
        "unit": "%",
        "value": 36,
        "writable": false,
      },
      "J": Object {
        "description": "Load from system",
        "factor": 1,
        "label": "J",
        "name": "loadSystem",
        "realValue": 10,
        "unit": "%",
        "value": 10,
        "writable": false,
      },
      "K": Object {
        "description": "Load for Nice",
        "factor": 1,
        "label": "K",
        "name": "loadNice",
        "realValue": 0,
        "unit": "%",
        "value": 0,
        "writable": false,
      },
      "L": Object {
        "description": "Idle percent of time",
        "factor": 1,
        "label": "L",
        "name": "loadIdle",
        "realValue": 53,
        "unit": "%",
        "value": 53,
        "writable": false,
      },
      "M": Object {
        "description": "Load due to IRQ",
        "factor": 1,
        "label": "M",
        "name": "loadIrq",
        "realValue": 1,
        "unit": "%",
        "value": 1,
        "writable": false,
      },
      "N": Object {
        "description": "Minimal percent spaced used in a filesystem",
        "factor": 1,
        "label": "N",
        "name": "fsMinUsed",
        "realValue": 17,
        "unit": "%",
        "value": 17,
        "writable": false,
      },
      "O": Object {
        "description": "Maximal percent spaced used in a filesystem",
        "factor": 1,
        "label": "O",
        "name": "fsMaxUsed",
        "realValue": 64,
        "unit": "%",
        "value": 64,
        "writable": false,
      },
    },
  },
  Object {
    "deviceCode": "Ò",
    "deviceId": 1234,
    "epoch": 1534586823000,
    "eventId": 0,
    "eventValue": 0,
    "id": 65539,
    "parameters": Object {
      "A": Object {
        "description": "",
        "factor": 100,
        "label": "A",
        "name": "cpuTemperature",
        "realValue": 0.71,
        "unit": "°C",
        "value": 71,
        "writable": false,
      },
      "B": Object {
        "description": "Free memory in percent",
        "factor": 1,
        "label": "B",
        "name": "memFree",
        "realValue": 15,
        "unit": "%",
        "value": 15,
        "writable": false,
      },
      "C": Object {
        "description": "Free swap in percent",
        "factor": 1,
        "label": "C",
        "name": "swapFree",
        "realValue": 56,
        "unit": "%",
        "value": 56,
        "writable": false,
      },
      "D": Object {
        "description": "File system read in kb",
        "factor": 1,
        "label": "D",
        "name": "fsRead",
        "realValue": 0,
        "unit": "kb",
        "value": 0,
        "writable": false,
      },
      "E": Object {
        "description": "File system read in kb",
        "factor": 1,
        "label": "E",
        "name": "fsWrite",
        "realValue": 0,
        "unit": "kb",
        "value": 0,
        "writable": false,
      },
      "F": Object {
        "description": "File system read in kb",
        "factor": 1,
        "label": "F",
        "name": "networkRead",
        "realValue": 1,
        "unit": "kb",
        "value": 1,
        "writable": false,
      },
      "G": Object {
        "description": "File system read in kb",
        "factor": 1,
        "label": "G",
        "name": "networkWrite",
        "realValue": 1,
        "unit": "kb",
        "value": 1,
        "writable": false,
      },
      "H": Object {
        "description": "Total load",
        "factor": 1,
        "label": "H",
        "name": "load",
        "realValue": 67,
        "unit": "%",
        "value": 67,
        "writable": false,
      },
      "I": Object {
        "description": "Load from user",
        "factor": 1,
        "label": "I",
        "name": "loadUser",
        "realValue": 50,
        "unit": "%",
        "value": 50,
        "writable": false,
      },
      "J": Object {
        "description": "Load from system",
        "factor": 1,
        "label": "J",
        "name": "loadSystem",
        "realValue": 15,
        "unit": "%",
        "value": 15,
        "writable": false,
      },
      "K": Object {
        "description": "Load for Nice",
        "factor": 1,
        "label": "K",
        "name": "loadNice",
        "realValue": 0,
        "unit": "%",
        "value": 0,
        "writable": false,
      },
      "L": Object {
        "description": "Idle percent of time",
        "factor": 1,
        "label": "L",
        "name": "loadIdle",
        "realValue": 33,
        "unit": "%",
        "value": 33,
        "writable": false,
      },
      "M": Object {
        "description": "Load due to IRQ",
        "factor": 1,
        "label": "M",
        "name": "loadIrq",
        "realValue": 2,
        "unit": "%",
        "value": 2,
        "writable": false,
      },
      "N": Object {
        "description": "Minimal percent spaced used in a filesystem",
        "factor": 1,
        "label": "N",
        "name": "fsMinUsed",
        "realValue": 17,
        "unit": "%",
        "value": 17,
        "writable": false,
      },
      "O": Object {
        "description": "Maximal percent spaced used in a filesystem",
        "factor": 1,
        "label": "O",
        "name": "fsMaxUsed",
        "realValue": 64,
        "unit": "%",
        "value": 64,
        "writable": false,
      },
    },
  },
  Object {
    "deviceCode": "Ò",
    "deviceId": 1234,
    "epoch": 1534586827000,
    "eventId": 0,
    "eventValue": 0,
    "id": 65540,
    "parameters": Object {
      "A": Object {
        "description": "",
        "factor": 100,
        "label": "A",
        "name": "cpuTemperature",
        "realValue": 0.7,
        "unit": "°C",
        "value": 70,
        "writable": false,
      },
      "B": Object {
        "description": "Free memory in percent",
        "factor": 1,
        "label": "B",
        "name": "memFree",
        "realValue": 15,
        "unit": "%",
        "value": 15,
        "writable": false,
      },
      "C": Object {
        "description": "Free swap in percent",
        "factor": 1,
        "label": "C",
        "name": "swapFree",
        "realValue": 56,
        "unit": "%",
        "value": 56,
        "writable": false,
      },
      "D": Object {
        "description": "File system read in kb",
        "factor": 1,
        "label": "D",
        "name": "fsRead",
        "realValue": 0,
        "unit": "kb",
        "value": 0,
        "writable": false,
      },
      "E": Object {
        "description": "File system read in kb",
        "factor": 1,
        "label": "E",
        "name": "fsWrite",
        "realValue": 0,
        "unit": "kb",
        "value": 0,
        "writable": false,
      },
      "F": Object {
        "description": "File system read in kb",
        "factor": 1,
        "label": "F",
        "name": "networkRead",
        "realValue": 0,
        "unit": "kb",
        "value": 0,
        "writable": false,
      },
      "G": Object {
        "description": "File system read in kb",
        "factor": 1,
        "label": "G",
        "name": "networkWrite",
        "realValue": 0,
        "unit": "kb",
        "value": 0,
        "writable": false,
      },
      "H": Object {
        "description": "Total load",
        "factor": 1,
        "label": "H",
        "name": "load",
        "realValue": 40,
        "unit": "%",
        "value": 40,
        "writable": false,
      },
      "I": Object {
        "description": "Load from user",
        "factor": 1,
        "label": "I",
        "name": "loadUser",
        "realValue": 32,
        "unit": "%",
        "value": 32,
        "writable": false,
      },
      "J": Object {
        "description": "Load from system",
        "factor": 1,
        "label": "J",
        "name": "loadSystem",
        "realValue": 7,
        "unit": "%",
        "value": 7,
        "writable": false,
      },
      "K": Object {
        "description": "Load for Nice",
        "factor": 1,
        "label": "K",
        "name": "loadNice",
        "realValue": 0,
        "unit": "%",
        "value": 0,
        "writable": false,
      },
      "L": Object {
        "description": "Idle percent of time",
        "factor": 1,
        "label": "L",
        "name": "loadIdle",
        "realValue": 60,
        "unit": "%",
        "value": 60,
        "writable": false,
      },
      "M": Object {
        "description": "Load due to IRQ",
        "factor": 1,
        "label": "M",
        "name": "loadIrq",
        "realValue": 0,
        "unit": "%",
        "value": 0,
        "writable": false,
      },
      "N": Object {
        "description": "Minimal percent spaced used in a filesystem",
        "factor": 1,
        "label": "N",
        "name": "fsMinUsed",
        "realValue": 17,
        "unit": "%",
        "value": 17,
        "writable": false,
      },
      "O": Object {
        "description": "Maximal percent spaced used in a filesystem",
        "factor": 1,
        "label": "O",
        "name": "fsMaxUsed",
        "realValue": 64,
        "unit": "%",
        "value": 64,
        "writable": false,
      },
    },
  },
  Object {
    "deviceCode": "Ò",
    "deviceId": 1234,
    "epoch": 1534586830000,
    "eventId": 0,
    "eventValue": 0,
    "id": 65541,
    "parameters": Object {
      "A": Object {
        "description": "",
        "factor": 100,
        "label": "A",
        "name": "cpuTemperature",
        "realValue": 0.71,
        "unit": "°C",
        "value": 71,
        "writable": false,
      },
      "B": Object {
        "description": "Free memory in percent",
        "factor": 1,
        "label": "B",
        "name": "memFree",
        "realValue": 14,
        "unit": "%",
        "value": 14,
        "writable": false,
      },
      "C": Object {
        "description": "Free swap in percent",
        "factor": 1,
        "label": "C",
        "name": "swapFree",
        "realValue": 56,
        "unit": "%",
        "value": 56,
        "writable": false,
      },
      "D": Object {
        "description": "File system read in kb",
        "factor": 1,
        "label": "D",
        "name": "fsRead",
        "realValue": 0,
        "unit": "kb",
        "value": 0,
        "writable": false,
      },
      "E": Object {
        "description": "File system read in kb",
        "factor": 1,
        "label": "E",
        "name": "fsWrite",
        "realValue": 0,
        "unit": "kb",
        "value": 0,
        "writable": false,
      },
      "F": Object {
        "description": "File system read in kb",
        "factor": 1,
        "label": "F",
        "name": "networkRead",
        "realValue": 0,
        "unit": "kb",
        "value": 0,
        "writable": false,
      },
      "G": Object {
        "description": "File system read in kb",
        "factor": 1,
        "label": "G",
        "name": "networkWrite",
        "realValue": 0,
        "unit": "kb",
        "value": 0,
        "writable": false,
      },
      "H": Object {
        "description": "Total load",
        "factor": 1,
        "label": "H",
        "name": "load",
        "realValue": 35,
        "unit": "%",
        "value": 35,
        "writable": false,
      },
      "I": Object {
        "description": "Load from user",
        "factor": 1,
        "label": "I",
        "name": "loadUser",
        "realValue": 28,
        "unit": "%",
        "value": 28,
        "writable": false,
      },
      "J": Object {
        "description": "Load from system",
        "factor": 1,
        "label": "J",
        "name": "loadSystem",
        "realValue": 7,
        "unit": "%",
        "value": 7,
        "writable": false,
      },
      "K": Object {
        "description": "Load for Nice",
        "factor": 1,
        "label": "K",
        "name": "loadNice",
        "realValue": 0,
        "unit": "%",
        "value": 0,
        "writable": false,
      },
      "L": Object {
        "description": "Idle percent of time",
        "factor": 1,
        "label": "L",
        "name": "loadIdle",
        "realValue": 65,
        "unit": "%",
        "value": 65,
        "writable": false,
      },
      "M": Object {
        "description": "Load due to IRQ",
        "factor": 1,
        "label": "M",
        "name": "loadIrq",
        "realValue": 0,
        "unit": "%",
        "value": 0,
        "writable": false,
      },
      "N": Object {
        "description": "Minimal percent spaced used in a filesystem",
        "factor": 1,
        "label": "N",
        "name": "fsMinUsed",
        "realValue": 17,
        "unit": "%",
        "value": 17,
        "writable": false,
      },
      "O": Object {
        "description": "Maximal percent spaced used in a filesystem",
        "factor": 1,
        "label": "O",
        "name": "fsMaxUsed",
        "realValue": 64,
        "unit": "%",
        "value": 64,
        "writable": false,
      },
    },
  },
]
`;
